/root/hodl/src/main/java/dag/hodl/model/coinMarketCap/parse/Platform.java
/root/hodl/src/main/java/dag/hodl/service/scheduler/PriceService.java
/root/hodl/src/main/java/dag/hodl/repository/CMCUSDRepository.java
/root/hodl/src/main/java/dag/hodl/service/scheduler/impl/PriceServiceImpl.java
/root/hodl/src/main/java/dag/hodl/model/binance/BinanceKline.java
/root/hodl/src/main/java/dag/hodl/repository/CoinMarketCapTickerRepository.java
/root/hodl/src/main/java/dag/hodl/model/coinMarketCap/parse/currency/BTC.java
/root/hodl/src/main/java/dag/hodl/model/coinMarketCap/CMCBTC.java
/root/hodl/src/main/java/dag/hodl/model/coinMarketCap/CMCETH.java
/root/hodl/src/main/java/dag/hodl/repository/TopCoinRepository.java
/root/hodl/src/main/java/dag/hodl/service/history/api/HistoryService.java
/root/hodl/src/main/java/dag/hodl/model/coinMarketCap/parse/currency/USD.java
/root/hodl/src/main/java/dag/hodl/model/coinMarketCap/parse/Status.java
/root/hodl/src/main/java/dag/hodl/model/binance/BinanceKlineDeserializer.java
/root/hodl/src/main/java/dag/hodl/model/coinApi/CoinApiTicker.java
/root/hodl/src/main/java/dag/hodl/config/ConfigProperties.java
/root/hodl/src/main/java/dag/hodl/model/coinMarketCap/parse/Quote.java
/root/hodl/src/main/java/dag/hodl/model/coinMarketCap/CMCUSD.java
/root/hodl/src/main/java/dag/hodl/model/TopCoin.java
/root/hodl/src/main/java/dag/hodl/service/history/api/impl/HistoryServiceImpl.java
/root/hodl/src/main/java/dag/hodl/service/telegram/HodlTestBot.java
/root/hodl/src/main/java/dag/hodl/util/DateFormatter.java
/root/hodl/src/main/java/dag/hodl/util/BigDecimalConverter.java
/root/hodl/src/main/java/dag/hodl/model/coinMarketCap/parse/currency/ETH.java
/root/hodl/src/main/java/dag/hodl/model/coinMarketCap/parse/RootObject.java
/root/hodl/src/main/java/dag/hodl/repository/CoinRepository.java
/root/hodl/src/main/java/dag/hodl/model/Coin.java
/root/hodl/src/main/java/dag/hodl/repository/CMCBTCRepository.java
/root/hodl/src/main/java/dag/hodl/util/LocalDateTimeConverter.java
/root/hodl/src/main/java/dag/hodl/HodlApplication.java
/root/hodl/src/main/java/dag/hodl/repository/CMCETHRepository.java
/root/hodl/src/main/java/dag/hodl/model/coinMarketCap/parse/Data.java
